{"level":"error","message":"UNCAUGHT EXCEPTION! Shutting down...","service":"nayamo-api","timestamp":"2026-04-28 15:38:03"}
{"level":"error","message":"UNCAUGHT EXCEPTION! Shutting down...","service":"nayamo-api","timestamp":"2026-04-28 15:45:12"}
{"level":"error","message":"UNCAUGHT EXCEPTION! Shutting down...","service":"nayamo-api","timestamp":"2026-04-28 15:47:51"}
{"level":"error","message":"UNCAUGHT EXCEPTION! Shutting down...","service":"nayamo-api","timestamp":"2026-04-28 16:19:38"}
{"level":"error","message":"UNCAUGHT EXCEPTION! Shutting down...","service":"nayamo-api","timestamp":"2026-04-28 16:39:38"}
{"level":"error","message":"UNCAUGHT EXCEPTION! Shutting down...","service":"nayamo-api","timestamp":"2026-04-28 22:45:55"}
{"level":"error","message":"UNCAUGHT EXCEPTION! Shutting down...","service":"nayamo-api","timestamp":"2026-04-28 22:46:41"}
{"level":"error","message":"UNCAUGHT EXCEPTION! Shutting down...","service":"nayamo-api","timestamp":"2026-04-29 09:06:18"}
{"level":"error","message":"UNCAUGHT EXCEPTION! Shutting down...","service":"nayamo-api","timestamp":"2026-05-01 18:26:11"}
{"_message":"Notification validation failed","errors":{"type":{"kind":"enum","message":"`review` is not a valid enum value for path `type`.","name":"ValidatorError","path":"type","properties":{"enumValues":["order","inventory","user","payment","security"],"length":6,"message":"`review` is not a valid enum value for path `type`.","path":"type","type":"enum","value":"review"},"value":"review"}},"level":"error","message":"Notification emission failed: Notification validation failed: type: `review` is not a valid enum value for path `type`.","service":"nayamo-api","stack":"ValidationError: Notification validation failed: type: `review` is not a valid enum value for path `type`.\n    at model.validate (/home/jarvis/Documents/IT/Nayamo/node_modules/mongoose/lib/document.js:2864:36)\n    at process.processTicksAndRejections (node:internal/process/task_queues:103:5)","timestamp":"2026-05-01 20:36:34"}
{"_message":"Notification validation failed","errors":{"type":{"kind":"enum","message":"`review` is not a valid enum value for path `type`.","name":"ValidatorError","path":"type","properties":{"enumValues":["order","inventory","user","payment","security"],"length":6,"message":"`review` is not a valid enum value for path `type`.","path":"type","type":"enum","value":"review"},"value":"review"}},"level":"error","message":"Notification emission failed: Notification validation failed: type: `review` is not a valid enum value for path `type`.","service":"nayamo-api","stack":"ValidationError: Notification validation failed: type: `review` is not a valid enum value for path `type`.\n    at model.validate (/home/jarvis/Documents/IT/Nayamo/node_modules/mongoose/lib/document.js:2864:36)\n    at process.processTicksAndRejections (node:internal/process/task_queues:103:5)","timestamp":"2026-05-01 20:36:52"}
{"level":"error","message":"UNCAUGHT EXCEPTION! Shutting down...","service":"nayamo-api","timestamp":"2026-05-03 11:05:58"}
{"level":"error","message":"Forced shutdown after timeout.","service":"nayamo-api","timestamp":"2026-05-03 12:10:12"}
{"0":"R","1":"e","10":"i","11":"l","12":"e","13":"d","14":" ","15":"w","16":"i","17":"t","18":"h","19":" ","2":"q","20":"s","21":"t","22":"a","23":"t","24":"u","25":"s","26":" ","27":"c","28":"o","29":"d","3":"u","30":"e","31":" ","32":"4","33":"0","34":"4","4":"e","5":"s","6":"t","7":" ","8":"f","9":"a","level":"error","message":"Image proxy error:","service":"nayamo-api","timestamp":"2026-05-05 21:30:59"}
{"0":"R","1":"e","10":"i","11":"l","12":"e","13":"d","14":" ","15":"w","16":"i","17":"t","18":"h","19":" ","2":"q","20":"s","21":"t","22":"a","23":"t","24":"u","25":"s","26":" ","27":"c","28":"o","29":"d","3":"u","30":"e","31":" ","32":"4","33":"0","34":"4","4":"e","5":"s","6":"t","7":" ","8":"f","9":"a","level":"error","message":"Image proxy error:","service":"nayamo-api","timestamp":"2026-05-05 21:31:17"}
{"level":"error","message":"404 - Not Found - /api/auth/forgot-password","service":"nayamo-api","timestamp":"2026-05-13 09:51:52"}
{"level":"error","message":"404 - Not Found - /auth/forgot-password","service":"nayamo-api","timestamp":"2026-05-13 09:53:05"}
{"level":"error","message":"404 - Not Found - /api/forgot-password","service":"nayamo-api","timestamp":"2026-05-13 09:53:10"}
{"level":"error","message":"404 - Not Found - /api/users/forgot-password","service":"nayamo-api","timestamp":"2026-05-13 09:53:15"}
{"level":"error","message":"404 - Not Found - /api/v1","service":"nayamo-api","timestamp":"2026-05-13 10:31:44"}
{"level":"error","message":"transporter.sendMail() failed: {\"message\":\"Timeout\",\"code\":\"ETIMEDOUT\",\"command\":\"CONN\"}","service":"nayamo-api","timestamp":"2026-05-13 11:39:18"}
{"level":"error","message":"500 - Timeout","service":"nayamo-api","timestamp":"2026-05-13 11:39:18"}
{"level":"error","message":"transporter.sendMail() failed: {\"message\":\"Timeout\",\"code\":\"ETIMEDOUT\",\"command\":\"CONN\"}","service":"nayamo-api","timestamp":"2026-05-13 11:40:05"}
{"level":"error","message":"500 - Timeout","service":"nayamo-api","timestamp":"2026-05-13 11:40:05"}
